[backblue.gif]
[fade.gif]
[index.html]
[scapub.sbe.sptrans.com.br/sa/assets/js/GoogleAnalytics/publicAnalytics.js]
[scapub.sbe.sptrans.com.br/sa/dwr/util.js]
[scapub.sbe.sptrans.com.br/sa/js/sa.js]
[scapub.sbe.sptrans.com.br/sa/js/modal-message.js]
[scapub.sbe.sptrans.com.br/sa/js/jquery-ui-1.11.1.custom/external/jquery/jquery.js]
[scapub.sbe.sptrans.com.br/sa/js/jquery-ui-1.11.1.custom/jquery-ui.js]
[scapub.sbe.sptrans.com.br/sa/js/md5.js]
[scapub.sbe.sptrans.com.br/sa/js/jquery.validate.js]
[scapub.sbe.sptrans.com.br/sa/js/jquery.metadata.js]
[scapub.sbe.sptrans.com.br/sa/js/jquery.hotkeys-0.7.9.js]
[scapub.sbe.sptrans.com.br/sa/js/jquery.focusfields.js]
[scapub.sbe.sptrans.com.br/sa/js/jquery.maskedinput.1.3.2.js]
[scapub.sbe.sptrans.com.br/sa/img_captchad41d.jpg]
[scapub.sbe.sptrans.com.br/sa/acessoPublico/index.html]
[scapub.sbe.sptrans.com.br/sa/js/jquery-ui-1.11.1.custom/images/ui-bg_flat_75_ffffff_40x100.png]
[scapub.sbe.sptrans.com.br/sa/js/jquery-ui-1.11.1.custom/images/ui-bg_highlight-soft_15_cc0000_1x100.png]
[scapub.sbe.sptrans.com.br/sa/js/jquery-ui-1.11.1.custom/images/ui-bg_highlight-hard_100_eeeeee_1x100.png]
[scapub.sbe.sptrans.com.br/sa/js/jquery-ui-1.11.1.custom/images/ui-bg_highlight-hard_100_f6f6f6_1x100.png]
[scapub.sbe.sptrans.com.br/sa/js/jquery-ui-1.11.1.custom/images/ui-bg_flat_65_ffffff_40x100.png]
[scapub.sbe.sptrans.com.br/sa/js/jquery-ui-1.11.1.custom/images/ui-bg_glass_55_fbf8ee_1x400.png]
[scapub.sbe.sptrans.com.br/sa/js/jquery-ui-1.11.1.custom/images/ui-bg_diagonals-thick_75_f3d8d8_40x40.png]
[scapub.sbe.sptrans.com.br/sa/js/jquery-ui-1.11.1.custom/images/ui-icons_cc0000_256x240.png]
[scapub.sbe.sptrans.com.br/sa/js/jquery-ui-1.11.1.custom/images/ui-icons_ffffff_256x240.png]
[scapub.sbe.sptrans.com.br/sa/js/jquery-ui-1.11.1.custom/images/ui-icons_004276_256x240.png]
[scapub.sbe.sptrans.com.br/sa/js/jquery-ui-1.11.1.custom/images/ui-bg_dots-small_65_a6a6a6_2x2.png]
[scapub.sbe.sptrans.com.br/sa/js/jquery-ui-1.11.1.custom/images/ui-bg_flat_0_333333_40x100.png]
[scapub.sbe.sptrans.com.br/sa/js/jquery-ui-1.11.1.custom/jquery-ui3860.css]
[scapub.sbe.sptrans.com.br/sa/js/jquery-ui-1.11.1.custom/jquery-ui.theme.css]
[scapub.sbe.sptrans.com.br/sa/js/jquery-ui-1.11.1.custom/jquery-ui.structure.css]
[scapub.sbe.sptrans.com.br/sa/img/camera.png]
[scapub.sbe.sptrans.com.br/sa/css/layout2.css]
[scapub.sbe.sptrans.com.br/sa/css/modal-message.css]
[scapub.sbe.sptrans.com.br/sa/css/shadow.png]
[scapub.sbe.sptrans.com.br/sa/css/shadow2.png]
[scapub.sbe.sptrans.com.br/sa/css/bg.gif]
[scapub.sbe.sptrans.com.br/sa/css/jquery.tooltip.css]
[scapub.sbe.sptrans.com.br/sa/css/acessoPublicoInterna.css]
[scapub.sbe.sptrans.com.br/sa/imagens/logo_spt.png]
[scapub.sbe.sptrans.com.br/sa/imagens/logo_smt.png]
[scapub.sbe.sptrans.com.br/sa/acessoPublico/novoUsuario.html]
[scapub.sbe.sptrans.com.br/sa/acessoPublico/novoUsuario-2.html]
[scapub.sbe.sptrans.com.br/sa/images/digicon/login/login_01.html]
[scapub.sbe.sptrans.com.br/sa/images/digicon/fundo.html]
